2025-10-27 01:11:10,345 - aqt.main - INFO - installer 140372084087680 aqtinstall(aqt) v3.1.21 on Python 3.12.11 [CPython GCC 13.3.0]
2025-10-27 01:11:10,613 - aqt.main - INFO - installer 140613086382976 aqtinstall(aqt) v3.1.21 on Python 3.12.11 [CPython GCC 13.3.0]
2025-10-27 01:11:10,614 - aqt.helper - DEBUG - helper 140613086382976 Attempt to download checksum at https://download.qt.io/online/qtsdkrepository/linux_x64/desktop/qt6_683/qt6_683/Updates.xml.sha256
2025-10-27 01:11:11,691 - aqt.helper - DEBUG - helper 140613086382976 Attempt to download checksum at https://download.qt.io/online/qtsdkrepository/linux_x64/extensions/qtwebengine/683/x86_64/Updates.xml.sha256
2025-10-27 01:11:12,830 - aqt.archives - INFO - archives 140613086382976 Found extension qtwebengine
2025-10-27 01:11:12,831 - aqt.helper - DEBUG - helper 140613086382976 Attempt to download checksum at https://download.qt.io/online/qtsdkrepository/linux_x64/extensions/qtpdf/683/x86_64/Updates.xml.sha256
2025-10-27 01:11:13,823 - aqt.archives - INFO - archives 140613086382976 Found extension qtpdf
2025-10-27 01:11:14,402 - aqt.helper - DEBUG - helper 140611387194240 Attempt to download checksum at https://download.qt.io/online/qtsdkrepository/linux_x64/desktop/qt6_683/qt6_683/qt.qt6.683.linux_gcc_64/6.8.3-0-202503201345qtsvg-Linux-RHEL_8_10-GCC-Linux-RHEL_8_10-X86_64.7z.sha256
2025-10-27 01:11:14,402 - aqt.helper - DEBUG - helper 140501108530048 Attempt to download checksum at https://download.qt.io/online/qtsdkrepository/linux_x64/desktop/qt6_683/qt6_683/qt.qt6.683.linux_gcc_64/6.8.3-0-202503201345qtbase-Linux-RHEL_8_10-GCC-Linux-RHEL_8_10-X86_64.7z.sha256
2025-10-27 01:11:14,412 - aqt.helper - DEBUG - helper 139930980899712 Attempt to download checksum at https://download.qt.io/online/qtsdkrepository/linux_x64/desktop/qt6_683/qt6_683/qt.qt6.683.linux_gcc_64/6.8.3-0-202503201345qttools-Linux-RHEL_8_10-GCC-Linux-RHEL_8_10-X86_64.7z.sha256
2025-10-27 01:11:14,412 - aqt.helper - DEBUG - helper 140078174636928 Attempt to download checksum at https://download.qt.io/online/qtsdkrepository/linux_x64/desktop/qt6_683/qt6_683/qt.qt6.683.linux_gcc_64/6.8.3-0-202503201345qtdeclarative-Linux-RHEL_8_10-GCC-Linux-RHEL_8_10-X86_64.7z.sha256
2025-10-27 01:11:14,959 - aqt.helper - INFO - helper 140501108530048 Downloading qtbase...
2025-10-27 01:11:14,959 - aqt.helper - INFO - helper 139930980899712 Downloading qttools...
2025-10-27 01:11:14,959 - aqt.installer - DEBUG - installer 140501108530048 Download URL: https://download.qt.io/online/qtsdkrepository/linux_x64/desktop/qt6_683/qt6_683/qt.qt6.683.linux_gcc_64/6.8.3-0-202503201345qtbase-Linux-RHEL_8_10-GCC-Linux-RHEL_8_10-X86_64.7z
2025-10-27 01:11:14,959 - aqt.installer - DEBUG - installer 139930980899712 Download URL: https://download.qt.io/online/qtsdkrepository/linux_x64/desktop/qt6_683/qt6_683/qt.qt6.683.linux_gcc_64/6.8.3-0-202503201345qttools-Linux-RHEL_8_10-GCC-Linux-RHEL_8_10-X86_64.7z
2025-10-27 01:11:15,027 - aqt.helper - INFO - helper 140078174636928 Downloading qtdeclarative...
2025-10-27 01:11:15,028 - aqt.installer - DEBUG - installer 140078174636928 Download URL: https://download.qt.io/online/qtsdkrepository/linux_x64/desktop/qt6_683/qt6_683/qt.qt6.683.linux_gcc_64/6.8.3-0-202503201345qtdeclarative-Linux-RHEL_8_10-GCC-Linux-RHEL_8_10-X86_64.7z
2025-10-27 01:11:15,029 - aqt.helper - INFO - helper 140611387194240 Downloading qtsvg...
2025-10-27 01:11:15,029 - aqt.installer - DEBUG - installer 140611387194240 Download URL: https://download.qt.io/online/qtsdkrepository/linux_x64/desktop/qt6_683/qt6_683/qt.qt6.683.linux_gcc_64/6.8.3-0-202503201345qtsvg-Linux-RHEL_8_10-GCC-Linux-RHEL_8_10-X86_64.7z
2025-10-27 01:11:15,514 - aqt.helper - DEBUG - helper 139930980899712 Asked to redirect(302) to: https://qt.mirror.constant.com/online/qtsdkrepository/linux_x64/desktop/qt6_683/qt6_683/qt.qt6.683.linux_gcc_64/6.8.3-0-202503201345qttools-Linux-RHEL_8_10-GCC-Linux-RHEL_8_10-X86_64.7z
2025-10-27 01:11:15,514 - aqt.helper - INFO - helper 139930980899712 Redirected: qt.mirror.constant.com
2025-10-27 01:11:15,523 - aqt.helper - DEBUG - helper 140078174636928 Asked to redirect(302) to: https://qt.mirror.constant.com/online/qtsdkrepository/linux_x64/desktop/qt6_683/qt6_683/qt.qt6.683.linux_gcc_64/6.8.3-0-202503201345qtdeclarative-Linux-RHEL_8_10-GCC-Linux-RHEL_8_10-X86_64.7z
2025-10-27 01:11:15,523 - aqt.helper - INFO - helper 140078174636928 Redirected: qt.mirror.constant.com
2025-10-27 01:11:15,529 - aqt.helper - DEBUG - helper 140611387194240 Asked to redirect(302) to: https://qt.mirror.constant.com/online/qtsdkrepository/linux_x64/desktop/qt6_683/qt6_683/qt.qt6.683.linux_gcc_64/6.8.3-0-202503201345qtsvg-Linux-RHEL_8_10-GCC-Linux-RHEL_8_10-X86_64.7z
2025-10-27 01:11:15,529 - aqt.helper - INFO - helper 140611387194240 Redirected: qt.mirror.constant.com
2025-10-27 01:11:15,577 - aqt.helper - DEBUG - helper 140501108530048 Asked to redirect(302) to: https://qt.mirror.constant.com/online/qtsdkrepository/linux_x64/desktop/qt6_683/qt6_683/qt.qt6.683.linux_gcc_64/6.8.3-0-202503201345qtbase-Linux-RHEL_8_10-GCC-Linux-RHEL_8_10-X86_64.7z
2025-10-27 01:11:15,578 - aqt.helper - INFO - helper 140501108530048 Redirected: qt.mirror.constant.com
2025-10-27 01:11:15,791 - aqt.installer - INFO - installer 140611387194240 Finished installation of qtsvg-Linux-RHEL_8_10-GCC-Linux-RHEL_8_10-X86_64.7z in 1.39204273
2025-10-27 01:11:15,817 - aqt.helper - DEBUG - helper 140611387194240 Attempt to download checksum at https://download.qt.io/online/qtsdkrepository/linux_x64/desktop/qt6_683/qt6_683/qt.qt6.683.linux_gcc_64/6.8.3-0-202503201345qttranslations-Linux-RHEL_8_10-GCC-Linux-RHEL_8_10-X86_64.7z.sha256
2025-10-27 01:11:16,404 - aqt.helper - INFO - helper 140611387194240 Downloading qttranslations...
2025-10-27 01:11:16,404 - aqt.installer - DEBUG - installer 140611387194240 Download URL: https://download.qt.io/online/qtsdkrepository/linux_x64/desktop/qt6_683/qt6_683/qt.qt6.683.linux_gcc_64/6.8.3-0-202503201345qttranslations-Linux-RHEL_8_10-GCC-Linux-RHEL_8_10-X86_64.7z
2025-10-27 01:11:16,980 - aqt.helper - DEBUG - helper 140611387194240 Asked to redirect(302) to: https://qt.mirror.constant.com/online/qtsdkrepository/linux_x64/desktop/qt6_683/qt6_683/qt.qt6.683.linux_gcc_64/6.8.3-0-202503201345qttranslations-Linux-RHEL_8_10-GCC-Linux-RHEL_8_10-X86_64.7z
2025-10-27 01:11:16,981 - aqt.helper - INFO - helper 140611387194240 Redirected: qt.mirror.constant.com
2025-10-27 01:11:17,531 - aqt.installer - INFO - installer 140611387194240 Finished installation of qttranslations-Linux-RHEL_8_10-GCC-Linux-RHEL_8_10-X86_64.7z in 1.71687501
2025-10-27 01:11:17,551 - aqt.helper - DEBUG - helper 140611387194240 Attempt to download checksum at https://download.qt.io/online/qtsdkrepository/linux_x64/desktop/qt6_683/qt6_683/qt.qt6.683.linux_gcc_64/6.8.3-0-202503201345qtwayland-Linux-RHEL_8_10-GCC-Linux-RHEL_8_10-X86_64.7z.sha256
2025-10-27 01:11:18,118 - aqt.helper - INFO - helper 140611387194240 Downloading qtwayland...
2025-10-27 01:11:18,118 - aqt.installer - DEBUG - installer 140611387194240 Download URL: https://download.qt.io/online/qtsdkrepository/linux_x64/desktop/qt6_683/qt6_683/qt.qt6.683.linux_gcc_64/6.8.3-0-202503201345qtwayland-Linux-RHEL_8_10-GCC-Linux-RHEL_8_10-X86_64.7z
2025-10-27 01:11:18,573 - aqt.helper - DEBUG - helper 140611387194240 Asked to redirect(302) to: https://qt.mirror.constant.com/online/qtsdkrepository/linux_x64/desktop/qt6_683/qt6_683/qt.qt6.683.linux_gcc_64/6.8.3-0-202503201345qtwayland-Linux-RHEL_8_10-GCC-Linux-RHEL_8_10-X86_64.7z
2025-10-27 01:11:18,574 - aqt.helper - INFO - helper 140611387194240 Redirected: qt.mirror.constant.com
2025-10-27 01:11:18,947 - aqt.installer - INFO - installer 140611387194240 Finished installation of qtwayland-Linux-RHEL_8_10-GCC-Linux-RHEL_8_10-X86_64.7z in 1.39865426
2025-10-27 01:11:18,963 - aqt.helper - DEBUG - helper 140611387194240 Attempt to download checksum at https://download.qt.io/online/qtsdkrepository/linux_x64/desktop/qt6_683/qt6_683/qt.qt6.683.linux_gcc_64/6.8.3-0-202503201345icu-linux-Rhel8.6-x86_64.7z.sha256
2025-10-27 01:11:19,452 - aqt.installer - INFO - installer 139930980899712 Finished installation of qttools-Linux-RHEL_8_10-GCC-Linux-RHEL_8_10-X86_64.7z in 5.04179312
2025-10-27 01:11:19,531 - aqt.helper - INFO - helper 140611387194240 Downloading icu...
2025-10-27 01:11:19,531 - aqt.installer - DEBUG - installer 140611387194240 Download URL: https://download.qt.io/online/qtsdkrepository/linux_x64/desktop/qt6_683/qt6_683/qt.qt6.683.linux_gcc_64/6.8.3-0-202503201345icu-linux-Rhel8.6-x86_64.7z
2025-10-27 01:11:20,074 - aqt.installer - INFO - installer 140501108530048 Finished installation of qtbase-Linux-RHEL_8_10-GCC-Linux-RHEL_8_10-X86_64.7z in 5.67448095
2025-10-27 01:11:20,080 - aqt.helper - DEBUG - helper 140611387194240 Asked to redirect(302) to: https://qt.mirror.constant.com/online/qtsdkrepository/linux_x64/desktop/qt6_683/qt6_683/qt.qt6.683.linux_gcc_64/6.8.3-0-202503201345icu-linux-Rhel8.6-x86_64.7z
2025-10-27 01:11:20,080 - aqt.helper - INFO - helper 140611387194240 Redirected: qt.mirror.constant.com
2025-10-27 01:11:20,942 - aqt.installer - INFO - installer 140611387194240 Finished installation of icu-linux-Rhel8.6-x86_64.7z in 1.98164733
2025-10-27 01:11:28,395 - aqt.installer - INFO - installer 140078174636928 Finished installation of qtdeclarative-Linux-RHEL_8_10-GCC-Linux-RHEL_8_10-X86_64.7z in 13.98448029
2025-10-27 01:11:28,483 - aqt.updater - INFO - updater 140613086382976 Patching /home/runner/work/FreeCAD/Qt/6.8.3/gcc_64/bin/qmake
2025-10-27 01:11:28,487 - aqt.updater - INFO - updater 140613086382976 Patching /home/runner/work/FreeCAD/Qt/6.8.3/gcc_64/lib/pkgconfig/Qt6Sql.pc
2025-10-27 01:11:28,487 - aqt.updater - INFO - updater 140613086382976 Patching /home/runner/work/FreeCAD/Qt/6.8.3/gcc_64/lib/pkgconfig/Qt6Core.pc
2025-10-27 01:11:28,488 - aqt.updater - INFO - updater 140613086382976 Patching /home/runner/work/FreeCAD/Qt/6.8.3/gcc_64/lib/pkgconfig/Qt6SvgWidgets.pc
2025-10-27 01:11:28,488 - aqt.updater - INFO - updater 140613086382976 Patching /home/runner/work/FreeCAD/Qt/6.8.3/gcc_64/lib/pkgconfig/Qt6DBus.pc
2025-10-27 01:11:28,488 - aqt.updater - INFO - updater 140613086382976 Patching /home/runner/work/FreeCAD/Qt/6.8.3/gcc_64/lib/pkgconfig/Qt6Platform.pc
2025-10-27 01:11:28,488 - aqt.updater - INFO - updater 140613086382976 Patching /home/runner/work/FreeCAD/Qt/6.8.3/gcc_64/lib/pkgconfig/Qt6Qml.pc
2025-10-27 01:11:28,489 - aqt.updater - INFO - updater 140613086382976 Patching /home/runner/work/FreeCAD/Qt/6.8.3/gcc_64/lib/pkgconfig/Qt6UiPlugin.pc
2025-10-27 01:11:28,489 - aqt.updater - INFO - updater 140613086382976 Patching /home/runner/work/FreeCAD/Qt/6.8.3/gcc_64/lib/pkgconfig/Qt6QuickControls2UniversalStyleImpl.pc
2025-10-27 01:11:28,489 - aqt.updater - INFO - updater 140613086382976 Patching /home/runner/work/FreeCAD/Qt/6.8.3/gcc_64/lib/pkgconfig/Qt6QuickControls2BasicStyleImpl.pc
2025-10-27 01:11:28,489 - aqt.updater - INFO - updater 140613086382976 Patching /home/runner/work/FreeCAD/Qt/6.8.3/gcc_64/lib/pkgconfig/Qt6QuickControls2.pc
2025-10-27 01:11:28,490 - aqt.updater - INFO - updater 140613086382976 Patching /home/runner/work/FreeCAD/Qt/6.8.3/gcc_64/lib/pkgconfig/Qt6QuickControls2Fusion.pc
2025-10-27 01:11:28,490 - aqt.updater - INFO - updater 140613086382976 Patching /home/runner/work/FreeCAD/Qt/6.8.3/gcc_64/lib/pkgconfig/Qt6Network.pc
2025-10-27 01:11:28,490 - aqt.updater - INFO - updater 140613086382976 Patching /home/runner/work/FreeCAD/Qt/6.8.3/gcc_64/lib/pkgconfig/Qt6Help.pc
2025-10-27 01:11:28,490 - aqt.updater - INFO - updater 140613086382976 Patching /home/runner/work/FreeCAD/Qt/6.8.3/gcc_64/lib/pkgconfig/Qt6LabsWavefrontMesh.pc
2025-10-27 01:11:28,491 - aqt.updater - INFO - updater 140613086382976 Patching /home/runner/work/FreeCAD/Qt/6.8.3/gcc_64/lib/pkgconfig/Qt6QuickWidgets.pc
2025-10-27 01:11:28,491 - aqt.updater - INFO - updater 140613086382976 Patching /home/runner/work/FreeCAD/Qt/6.8.3/gcc_64/lib/pkgconfig/Qt6QuickDialogs2.pc
2025-10-27 01:11:28,491 - aqt.updater - INFO - updater 140613086382976 Patching /home/runner/work/FreeCAD/Qt/6.8.3/gcc_64/lib/pkgconfig/Qt6QuickControls2Material.pc
2025-10-27 01:11:28,491 - aqt.updater - INFO - updater 140613086382976 Patching /home/runner/work/FreeCAD/Qt/6.8.3/gcc_64/lib/pkgconfig/Qt6Xml.pc
2025-10-27 01:11:28,492 - aqt.updater - INFO - updater 140613086382976 Patching /home/runner/work/FreeCAD/Qt/6.8.3/gcc_64/lib/pkgconfig/Qt6QuickTemplates2.pc
2025-10-27 01:11:28,492 - aqt.updater - INFO - updater 140613086382976 Patching /home/runner/work/FreeCAD/Qt/6.8.3/gcc_64/lib/pkgconfig/Qt6UiTools.pc
2025-10-27 01:11:28,492 - aqt.updater - INFO - updater 140613086382976 Patching /home/runner/work/FreeCAD/Qt/6.8.3/gcc_64/lib/pkgconfig/Qt6Gui.pc
2025-10-27 01:11:28,492 - aqt.updater - INFO - updater 140613086382976 Patching /home/runner/work/FreeCAD/Qt/6.8.3/gcc_64/lib/pkgconfig/Qt6QuickControls2FluentWinUI3StyleImpl.pc
2025-10-27 01:11:28,493 - aqt.updater - INFO - updater 140613086382976 Patching /home/runner/work/FreeCAD/Qt/6.8.3/gcc_64/lib/pkgconfig/Qt6Designer.pc
2025-10-27 01:11:28,493 - aqt.updater - INFO - updater 140613086382976 Patching /home/runner/work/FreeCAD/Qt/6.8.3/gcc_64/lib/pkgconfig/Qt6QuickLayouts.pc
2025-10-27 01:11:28,493 - aqt.updater - INFO - updater 140613086382976 Patching /home/runner/work/FreeCAD/Qt/6.8.3/gcc_64/lib/pkgconfig/Qt6QmlIntegration.pc
2025-10-27 01:11:28,493 - aqt.updater - INFO - updater 140613086382976 Patching /home/runner/work/FreeCAD/Qt/6.8.3/gcc_64/lib/pkgconfig/Qt6PrintSupport.pc
2025-10-27 01:11:28,494 - aqt.updater - INFO - updater 140613086382976 Patching /home/runner/work/FreeCAD/Qt/6.8.3/gcc_64/lib/pkgconfig/Qt6LabsAnimation.pc
2025-10-27 01:11:28,494 - aqt.updater - INFO - updater 140613086382976 Patching /home/runner/work/FreeCAD/Qt/6.8.3/gcc_64/lib/pkgconfig/Qt6LabsSettings.pc
2025-10-27 01:11:28,494 - aqt.updater - INFO - updater 140613086382976 Patching /home/runner/work/FreeCAD/Qt/6.8.3/gcc_64/lib/pkgconfig/Qt6QuickControls2Universal.pc
2025-10-27 01:11:28,494 - aqt.updater - INFO - updater 140613086382976 Patching /home/runner/work/FreeCAD/Qt/6.8.3/gcc_64/lib/pkgconfig/Qt6Linguist.pc
2025-10-27 01:11:28,494 - aqt.updater - INFO - updater 140613086382976 Patching /home/runner/work/FreeCAD/Qt/6.8.3/gcc_64/lib/pkgconfig/Qt6QmlNetwork.pc
2025-10-27 01:11:28,495 - aqt.updater - INFO - updater 140613086382976 Patching /home/runner/work/FreeCAD/Qt/6.8.3/gcc_64/lib/pkgconfig/Qt6LabsFolderListModel.pc
2025-10-27 01:11:28,495 - aqt.updater - INFO - updater 140613086382976 Patching /home/runner/work/FreeCAD/Qt/6.8.3/gcc_64/lib/pkgconfig/Qt6QmlAssetDownloader.pc
2025-10-27 01:11:28,495 - aqt.updater - INFO - updater 140613086382976 Patching /home/runner/work/FreeCAD/Qt/6.8.3/gcc_64/lib/pkgconfig/Qt6QmlXmlListModel.pc
2025-10-27 01:11:28,495 - aqt.updater - INFO - updater 140613086382976 Patching /home/runner/work/FreeCAD/Qt/6.8.3/gcc_64/lib/pkgconfig/Qt6Concurrent.pc
2025-10-27 01:11:28,496 - aqt.updater - INFO - updater 140613086382976 Patching /home/runner/work/FreeCAD/Qt/6.8.3/gcc_64/lib/pkgconfig/Qt6OpenGL.pc
2025-10-27 01:11:28,496 - aqt.updater - INFO - updater 140613086382976 Patching /home/runner/work/FreeCAD/Qt/6.8.3/gcc_64/lib/pkgconfig/Qt6LabsQmlModels.pc
2025-10-27 01:11:28,496 - aqt.updater - INFO - updater 140613086382976 Patching /home/runner/work/FreeCAD/Qt/6.8.3/gcc_64/lib/pkgconfig/Qt6QuickVectorImage.pc
2025-10-27 01:11:28,496 - aqt.updater - INFO - updater 140613086382976 Patching /home/runner/work/FreeCAD/Qt/6.8.3/gcc_64/lib/pkgconfig/Qt6QuickControls2Imagine.pc
2025-10-27 01:11:28,497 - aqt.updater - INFO - updater 140613086382976 Patching /home/runner/work/FreeCAD/Qt/6.8.3/gcc_64/lib/pkgconfig/Qt6WaylandClient.pc
2025-10-27 01:11:28,497 - aqt.updater - INFO - updater 140613086382976 Patching /home/runner/work/FreeCAD/Qt/6.8.3/gcc_64/lib/pkgconfig/Qt6Svg.pc
2025-10-27 01:11:28,497 - aqt.updater - INFO - updater 140613086382976 Patching /home/runner/work/FreeCAD/Qt/6.8.3/gcc_64/lib/pkgconfig/Qt6QuickControls2MaterialStyleImpl.pc
2025-10-27 01:11:28,497 - aqt.updater - INFO - updater 140613086382976 Patching /home/runner/work/FreeCAD/Qt/6.8.3/gcc_64/lib/pkgconfig/Qt6QmlMeta.pc
2025-10-27 01:11:28,498 - aqt.updater - INFO - updater 140613086382976 Patching /home/runner/work/FreeCAD/Qt/6.8.3/gcc_64/lib/pkgconfig/Qt6Test.pc
2025-10-27 01:11:28,498 - aqt.updater - INFO - updater 140613086382976 Patching /home/runner/work/FreeCAD/Qt/6.8.3/gcc_64/lib/pkgconfig/Qt6Quick.pc
2025-10-27 01:11:28,498 - aqt.updater - INFO - updater 140613086382976 Patching /home/runner/work/FreeCAD/Qt/6.8.3/gcc_64/lib/pkgconfig/Qt6LabsPlatform.pc
2025-10-27 01:11:28,498 - aqt.updater - INFO - updater 140613086382976 Patching /home/runner/work/FreeCAD/Qt/6.8.3/gcc_64/lib/pkgconfig/Qt6QmlLocalStorage.pc
2025-10-27 01:11:28,499 - aqt.updater - INFO - updater 140613086382976 Patching /home/runner/work/FreeCAD/Qt/6.8.3/gcc_64/lib/pkgconfig/Qt6Widgets.pc
2025-10-27 01:11:28,499 - aqt.updater - INFO - updater 140613086382976 Patching /home/runner/work/FreeCAD/Qt/6.8.3/gcc_64/lib/pkgconfig/Qt6QmlCore.pc
2025-10-27 01:11:28,499 - aqt.updater - INFO - updater 140613086382976 Patching /home/runner/work/FreeCAD/Qt/6.8.3/gcc_64/lib/pkgconfig/Qt6LabsSharedImage.pc
2025-10-27 01:11:28,499 - aqt.updater - INFO - updater 140613086382976 Patching /home/runner/work/FreeCAD/Qt/6.8.3/gcc_64/lib/pkgconfig/Qt6OpenGLWidgets.pc
2025-10-27 01:11:28,499 - aqt.updater - INFO - updater 140613086382976 Patching /home/runner/work/FreeCAD/Qt/6.8.3/gcc_64/lib/pkgconfig/Qt6QuickControls2Impl.pc
2025-10-27 01:11:28,500 - aqt.updater - INFO - updater 140613086382976 Patching /home/runner/work/FreeCAD/Qt/6.8.3/gcc_64/lib/pkgconfig/Qt6QmlCompiler.pc
2025-10-27 01:11:28,500 - aqt.updater - INFO - updater 140613086382976 Patching /home/runner/work/FreeCAD/Qt/6.8.3/gcc_64/lib/pkgconfig/Qt6QuickDialogs2Utils.pc
2025-10-27 01:11:28,500 - aqt.updater - INFO - updater 140613086382976 Patching /home/runner/work/FreeCAD/Qt/6.8.3/gcc_64/lib/pkgconfig/Qt6QuickDialogs2QuickImpl.pc
2025-10-27 01:11:28,500 - aqt.updater - INFO - updater 140613086382976 Patching /home/runner/work/FreeCAD/Qt/6.8.3/gcc_64/lib/pkgconfig/Qt6QuickControls2Basic.pc
2025-10-27 01:11:28,501 - aqt.updater - INFO - updater 140613086382976 Patching /home/runner/work/FreeCAD/Qt/6.8.3/gcc_64/lib/pkgconfig/Qt6QuickControls2FusionStyleImpl.pc
2025-10-27 01:11:28,501 - aqt.updater - INFO - updater 140613086382976 Patching /home/runner/work/FreeCAD/Qt/6.8.3/gcc_64/lib/pkgconfig/Qt6QmlWorkerScript.pc
2025-10-27 01:11:28,501 - aqt.updater - INFO - updater 140613086382976 Patching /home/runner/work/FreeCAD/Qt/6.8.3/gcc_64/lib/pkgconfig/Qt6QuickTest.pc
2025-10-27 01:11:28,501 - aqt.updater - INFO - updater 140613086382976 Patching /home/runner/work/FreeCAD/Qt/6.8.3/gcc_64/lib/pkgconfig/Qt6QuickControls2ImagineStyleImpl.pc
2025-10-27 01:11:28,502 - aqt.updater - INFO - updater 140613086382976 Patching /home/runner/work/FreeCAD/Qt/6.8.3/gcc_64/lib/pkgconfig/Qt6QmlModels.pc
2025-10-27 01:11:28,503 - aqt.updater - INFO - updater 140613086382976 Patching /home/runner/work/FreeCAD/Qt/6.8.3/gcc_64/lib/libQt6Svg.prl
2025-10-27 01:11:28,503 - aqt.updater - INFO - updater 140613086382976 Patching /home/runner/work/FreeCAD/Qt/6.8.3/gcc_64/lib/libQt6OpenGL.prl
2025-10-27 01:11:28,503 - aqt.updater - INFO - updater 140613086382976 Patching /home/runner/work/FreeCAD/Qt/6.8.3/gcc_64/lib/libQt6QmlLocalStorage.prl
2025-10-27 01:11:28,503 - aqt.updater - INFO - updater 140613086382976 Patching /home/runner/work/FreeCAD/Qt/6.8.3/gcc_64/lib/libQt6QuickEffects.prl
2025-10-27 01:11:28,504 - aqt.updater - INFO - updater 140613086382976 Patching /home/runner/work/FreeCAD/Qt/6.8.3/gcc_64/lib/libQt6Gui.prl
2025-10-27 01:11:28,504 - aqt.updater - INFO - updater 140613086382976 Patching /home/runner/work/FreeCAD/Qt/6.8.3/gcc_64/lib/libQt6Network.prl
2025-10-27 01:11:28,504 - aqt.updater - INFO - updater 140613086382976 Patching /home/runner/work/FreeCAD/Qt/6.8.3/gcc_64/lib/libQt6QuickControls2FluentWinUI3StyleImpl.prl
2025-10-27 01:11:28,504 - aqt.updater - INFO - updater 140613086382976 Patching /home/runner/work/FreeCAD/Qt/6.8.3/gcc_64/lib/libQt6WaylandEglClientHwIntegration.prl
2025-10-27 01:11:28,505 - aqt.updater - INFO - updater 140613086382976 Patching /home/runner/work/FreeCAD/Qt/6.8.3/gcc_64/lib/libQt6Quick.prl
2025-10-27 01:11:28,505 - aqt.updater - INFO - updater 140613086382976 Patching /home/runner/work/FreeCAD/Qt/6.8.3/gcc_64/lib/libQt6QuickVectorImage.prl
2025-10-27 01:11:28,505 - aqt.updater - INFO - updater 140613086382976 Patching /home/runner/work/FreeCAD/Qt/6.8.3/gcc_64/lib/libQt6QuickControls2.prl
2025-10-27 01:11:28,505 - aqt.updater - INFO - updater 140613086382976 Patching /home/runner/work/FreeCAD/Qt/6.8.3/gcc_64/lib/libQt6QuickControls2BasicStyleImpl.prl
2025-10-27 01:11:28,505 - aqt.updater - INFO - updater 140613086382976 Patching /home/runner/work/FreeCAD/Qt/6.8.3/gcc_64/lib/libQt6QmlNetwork.prl
2025-10-27 01:11:28,506 - aqt.updater - INFO - updater 140613086382976 Patching /home/runner/work/FreeCAD/Qt/6.8.3/gcc_64/lib/libQt6ExampleIcons.prl
2025-10-27 01:11:28,506 - aqt.updater - INFO - updater 140613086382976 Patching /home/runner/work/FreeCAD/Qt/6.8.3/gcc_64/lib/libQt6WlShellIntegration.prl
2025-10-27 01:11:28,506 - aqt.updater - INFO - updater 140613086382976 Patching /home/runner/work/FreeCAD/Qt/6.8.3/gcc_64/lib/libQt6LabsQmlModels.prl
2025-10-27 01:11:28,506 - aqt.updater - INFO - updater 140613086382976 Patching /home/runner/work/FreeCAD/Qt/6.8.3/gcc_64/lib/libQt6QuickDialogs2.prl
2025-10-27 01:11:28,507 - aqt.updater - INFO - updater 140613086382976 Patching /home/runner/work/FreeCAD/Qt/6.8.3/gcc_64/lib/libQt6QuickVectorImageGenerator.prl
2025-10-27 01:11:28,507 - aqt.updater - INFO - updater 140613086382976 Patching /home/runner/work/FreeCAD/Qt/6.8.3/gcc_64/lib/libQt6DesignerComponents.prl
2025-10-27 01:11:28,507 - aqt.updater - INFO - updater 140613086382976 Patching /home/runner/work/FreeCAD/Qt/6.8.3/gcc_64/lib/libQt6FbSupport.prl
2025-10-27 01:11:28,507 - aqt.updater - INFO - updater 140613086382976 Patching /home/runner/work/FreeCAD/Qt/6.8.3/gcc_64/lib/libQt6SvgWidgets.prl
2025-10-27 01:11:28,507 - aqt.updater - INFO - updater 140613086382976 Patching /home/runner/work/FreeCAD/Qt/6.8.3/gcc_64/lib/libQt6QuickWidgets.prl
2025-10-27 01:11:28,508 - aqt.updater - INFO - updater 140613086382976 Patching /home/runner/work/FreeCAD/Qt/6.8.3/gcc_64/lib/libQt6QmlMeta.prl
2025-10-27 01:11:28,508 - aqt.updater - INFO - updater 140613086382976 Patching /home/runner/work/FreeCAD/Qt/6.8.3/gcc_64/lib/libQt6QmlWorkerScript.prl
2025-10-27 01:11:28,508 - aqt.updater - INFO - updater 140613086382976 Patching /home/runner/work/FreeCAD/Qt/6.8.3/gcc_64/lib/libQt6LabsFolderListModel.prl
2025-10-27 01:11:28,508 - aqt.updater - INFO - updater 140613086382976 Patching /home/runner/work/FreeCAD/Qt/6.8.3/gcc_64/lib/libQt6QuickDialogs2Utils.prl
2025-10-27 01:11:28,508 - aqt.updater - INFO - updater 140613086382976 Patching /home/runner/work/FreeCAD/Qt/6.8.3/gcc_64/lib/libQt6QuickControls2ImagineStyleImpl.prl
2025-10-27 01:11:28,509 - aqt.updater - INFO - updater 140613086382976 Patching /home/runner/work/FreeCAD/Qt/6.8.3/gcc_64/lib/libQt6QmlToolingSettings.prl
2025-10-27 01:11:28,509 - aqt.updater - INFO - updater 140613086382976 Patching /home/runner/work/FreeCAD/Qt/6.8.3/gcc_64/lib/libQt6QmlLS.prl
2025-10-27 01:11:28,509 - aqt.updater - INFO - updater 140613086382976 Patching /home/runner/work/FreeCAD/Qt/6.8.3/gcc_64/lib/libQt6QuickTest.prl
2025-10-27 01:11:28,509 - aqt.updater - INFO - updater 140613086382976 Patching /home/runner/work/FreeCAD/Qt/6.8.3/gcc_64/lib/libQt6QuickControlsTestUtils.prl
2025-10-27 01:11:28,510 - aqt.updater - INFO - updater 140613086382976 Patching /home/runner/work/FreeCAD/Qt/6.8.3/gcc_64/lib/libQt6Concurrent.prl
2025-10-27 01:11:28,510 - aqt.updater - INFO - updater 140613086382976 Patching /home/runner/work/FreeCAD/Qt/6.8.3/gcc_64/lib/libQt6KmsSupport.prl
2025-10-27 01:11:28,510 - aqt.updater - INFO - updater 140613086382976 Patching /home/runner/work/FreeCAD/Qt/6.8.3/gcc_64/lib/libQt6QuickControls2MaterialStyleImpl.prl
2025-10-27 01:11:28,510 - aqt.updater - INFO - updater 140613086382976 Patching /home/runner/work/FreeCAD/Qt/6.8.3/gcc_64/lib/libQt6Help.prl
2025-10-27 01:11:28,510 - aqt.updater - INFO - updater 140613086382976 Patching /home/runner/work/FreeCAD/Qt/6.8.3/gcc_64/lib/libQt6Xml.prl
2025-10-27 01:11:28,511 - aqt.updater - INFO - updater 140613086382976 Patching /home/runner/work/FreeCAD/Qt/6.8.3/gcc_64/lib/libQt6EglFsKmsGbmSupport.prl
2025-10-27 01:11:28,511 - aqt.updater - INFO - updater 140613086382976 Patching /home/runner/work/FreeCAD/Qt/6.8.3/gcc_64/lib/libQt6DBus.prl
2025-10-27 01:11:28,511 - aqt.updater - INFO - updater 140613086382976 Patching /home/runner/work/FreeCAD/Qt/6.8.3/gcc_64/lib/libQt6QuickDialogs2QuickImpl.prl
2025-10-27 01:11:28,511 - aqt.updater - INFO - updater 140613086382976 Patching /home/runner/work/FreeCAD/Qt/6.8.3/gcc_64/lib/libQt6EglFSDeviceIntegration.prl
2025-10-27 01:11:28,512 - aqt.updater - INFO - updater 140613086382976 Patching /home/runner/work/FreeCAD/Qt/6.8.3/gcc_64/lib/libQt6InputSupport.prl
2025-10-27 01:11:28,512 - aqt.updater - INFO - updater 140613086382976 Patching /home/runner/work/FreeCAD/Qt/6.8.3/gcc_64/lib/libQt6Widgets.prl
2025-10-27 01:11:28,512 - aqt.updater - INFO - updater 140613086382976 Patching /home/runner/work/FreeCAD/Qt/6.8.3/gcc_64/lib/libQt6Sql.prl
2025-10-27 01:11:28,512 - aqt.updater - INFO - updater 140613086382976 Patching /home/runner/work/FreeCAD/Qt/6.8.3/gcc_64/lib/libQt6QuickTestUtils.prl
2025-10-27 01:11:28,513 - aqt.updater - INFO - updater 140613086382976 Patching /home/runner/work/FreeCAD/Qt/6.8.3/gcc_64/lib/libQt6QmlModels.prl
2025-10-27 01:11:28,513 - aqt.updater - INFO - updater 140613086382976 Patching /home/runner/work/FreeCAD/Qt/6.8.3/gcc_64/lib/libQt6QuickControls2Basic.prl
2025-10-27 01:11:28,513 - aqt.updater - INFO - updater 140613086382976 Patching /home/runner/work/FreeCAD/Qt/6.8.3/gcc_64/lib/libQt6QuickTemplates2.prl
2025-10-27 01:11:28,513 - aqt.updater - INFO - updater 140613086382976 Patching /home/runner/work/FreeCAD/Qt/6.8.3/gcc_64/lib/libQt6UiTools.prl
2025-10-27 01:11:28,514 - aqt.updater - INFO - updater 140613086382976 Patching /home/runner/work/FreeCAD/Qt/6.8.3/gcc_64/lib/libQt6QmlDebug.prl
2025-10-27 01:11:28,514 - aqt.updater - INFO - updater 140613086382976 Patching /home/runner/work/FreeCAD/Qt/6.8.3/gcc_64/lib/libQt6QuickControls2Imagine.prl
2025-10-27 01:11:28,514 - aqt.updater - INFO - updater 140613086382976 Patching /home/runner/work/FreeCAD/Qt/6.8.3/gcc_64/lib/libQt6WaylandClient.prl
2025-10-27 01:11:28,514 - aqt.updater - INFO - updater 140613086382976 Patching /home/runner/work/FreeCAD/Qt/6.8.3/gcc_64/lib/libQt6PacketProtocol.prl
2025-10-27 01:11:28,515 - aqt.updater - INFO - updater 140613086382976 Patching /home/runner/work/FreeCAD/Qt/6.8.3/gcc_64/lib/libQt6OpenGLWidgets.prl
2025-10-27 01:11:28,515 - aqt.updater - INFO - updater 140613086382976 Patching /home/runner/work/FreeCAD/Qt/6.8.3/gcc_64/lib/libQt6LabsPlatform.prl
2025-10-27 01:11:28,515 - aqt.updater - INFO - updater 140613086382976 Patching /home/runner/work/FreeCAD/Qt/6.8.3/gcc_64/lib/libQt6Core.prl
2025-10-27 01:11:28,515 - aqt.updater - INFO - updater 140613086382976 Patching /home/runner/work/FreeCAD/Qt/6.8.3/gcc_64/lib/libQt6QuickControls2FusionStyleImpl.prl
2025-10-27 01:11:28,515 - aqt.updater - INFO - updater 140613086382976 Patching /home/runner/work/FreeCAD/Qt/6.8.3/gcc_64/lib/libQt6LabsSettings.prl
2025-10-27 01:11:28,516 - aqt.updater - INFO - updater 140613086382976 Patching /home/runner/work/FreeCAD/Qt/6.8.3/gcc_64/lib/libQt6QmlDom.prl
2025-10-27 01:11:28,516 - aqt.updater - INFO - updater 140613086382976 Patching /home/runner/work/FreeCAD/Qt/6.8.3/gcc_64/lib/libQt6Qml.prl
2025-10-27 01:11:28,516 - aqt.updater - INFO - updater 140613086382976 Patching /home/runner/work/FreeCAD/Qt/6.8.3/gcc_64/lib/libQt6QuickControls2UniversalStyleImpl.prl
2025-10-27 01:11:28,516 - aqt.updater - INFO - updater 140613086382976 Patching /home/runner/work/FreeCAD/Qt/6.8.3/gcc_64/lib/libQt6QuickLayouts.prl
2025-10-27 01:11:28,517 - aqt.updater - INFO - updater 140613086382976 Patching /home/runner/work/FreeCAD/Qt/6.8.3/gcc_64/lib/libQt6QuickControls2Impl.prl
2025-10-27 01:11:28,517 - aqt.updater - INFO - updater 140613086382976 Patching /home/runner/work/FreeCAD/Qt/6.8.3/gcc_64/lib/libQt6XcbQpa.prl
2025-10-27 01:11:28,517 - aqt.updater - INFO - updater 140613086382976 Patching /home/runner/work/FreeCAD/Qt/6.8.3/gcc_64/lib/libQt6QuickShapes.prl
2025-10-27 01:11:28,517 - aqt.updater - INFO - updater 140613086382976 Patching /home/runner/work/FreeCAD/Qt/6.8.3/gcc_64/lib/libQt6DeviceDiscoverySupport.prl
2025-10-27 01:11:28,518 - aqt.updater - INFO - updater 140613086382976 Patching /home/runner/work/FreeCAD/Qt/6.8.3/gcc_64/lib/libQt6QmlCompiler.prl
2025-10-27 01:11:28,518 - aqt.updater - INFO - updater 140613086382976 Patching /home/runner/work/FreeCAD/Qt/6.8.3/gcc_64/lib/libQt6QuickParticles.prl
2025-10-27 01:11:28,518 - aqt.updater - INFO - updater 140613086382976 Patching /home/runner/work/FreeCAD/Qt/6.8.3/gcc_64/lib/libQt6QuickControls2Universal.prl
2025-10-27 01:11:28,518 - aqt.updater - INFO - updater 140613086382976 Patching /home/runner/work/FreeCAD/Qt/6.8.3/gcc_64/lib/libQt6LabsWavefrontMesh.prl
2025-10-27 01:11:28,519 - aqt.updater - INFO - updater 140613086382976 Patching /home/runner/work/FreeCAD/Qt/6.8.3/gcc_64/lib/libQt6QmlXmlListModel.prl
2025-10-27 01:11:28,519 - aqt.updater - INFO - updater 140613086382976 Patching /home/runner/work/FreeCAD/Qt/6.8.3/gcc_64/lib/libQt6EglFsKmsSupport.prl
2025-10-27 01:11:28,519 - aqt.updater - INFO - updater 140613086382976 Patching /home/runner/work/FreeCAD/Qt/6.8.3/gcc_64/lib/libQt6LabsSharedImage.prl
2025-10-27 01:11:28,519 - aqt.updater - INFO - updater 140613086382976 Patching /home/runner/work/FreeCAD/Qt/6.8.3/gcc_64/lib/libQt6PrintSupport.prl
2025-10-27 01:11:28,520 - aqt.updater - INFO - updater 140613086382976 Patching /home/runner/work/FreeCAD/Qt/6.8.3/gcc_64/lib/libQt6QuickControls2Fusion.prl
2025-10-27 01:11:28,520 - aqt.updater - INFO - updater 140613086382976 Patching /home/runner/work/FreeCAD/Qt/6.8.3/gcc_64/lib/libQt6Designer.prl
2025-10-27 01:11:28,520 - aqt.updater - INFO - updater 140613086382976 Patching /home/runner/work/FreeCAD/Qt/6.8.3/gcc_64/lib/libQt6ExamplesAssetDownloader.prl
2025-10-27 01:11:28,520 - aqt.updater - INFO - updater 140613086382976 Patching /home/runner/work/FreeCAD/Qt/6.8.3/gcc_64/lib/libQt6QmlTypeRegistrar.prl
2025-10-27 01:11:28,520 - aqt.updater - INFO - updater 140613086382976 Patching /home/runner/work/FreeCAD/Qt/6.8.3/gcc_64/lib/libQt6LabsAnimation.prl
2025-10-27 01:11:28,521 - aqt.updater - INFO - updater 140613086382976 Patching /home/runner/work/FreeCAD/Qt/6.8.3/gcc_64/lib/libQt6QuickControls2Material.prl
2025-10-27 01:11:28,521 - aqt.updater - INFO - updater 140613086382976 Patching /home/runner/work/FreeCAD/Qt/6.8.3/gcc_64/lib/libQt6QmlCore.prl
2025-10-27 01:11:28,521 - aqt.updater - INFO - updater 140613086382976 Patching /home/runner/work/FreeCAD/Qt/6.8.3/gcc_64/lib/libQt6QmlAssetDownloader.prl
2025-10-27 01:11:28,521 - aqt.updater - INFO - updater 140613086382976 Patching /home/runner/work/FreeCAD/Qt/6.8.3/gcc_64/lib/libQt6Test.prl
2025-10-27 01:11:28,522 - aqt.main - INFO - installer 140613086382976 Finished installation
2025-10-27 01:11:28,522 - aqt.main - INFO - installer 140613086382976 Time elapsed: 17.90865656 second
